2026-04-23 20:26:18,527 [INFO] Loading silver records from data\silver\hp_silver.jsonl
2026-04-23 20:26:20,076 [INFO] Loaded 102981 silver records.
2026-04-23 20:26:20,117 [INFO] Step 1: Filtered out 17389(1688.56%) records with no silver labels. Remaining: 85592
2026-04-23 20:26:20,205 [INFO] Step 2: Capped to 20 sentences per source. Filtered out 51724(6043.09%) records. Remaining: 33868
2026-04-23 20:26:20,205 [INFO] Unique sources after capping: 3663
2026-04-23 20:26:20,411 [WARNING] 115 records had no dominant label and will be ignored in stratified sampling.
2026-04-23 20:26:20,424 [INFO] Label CHAR: target 5500, available 17375, taking 5500.
2026-04-23 20:26:20,435 [INFO] Label LOC: target 2500, available 4301, taking 2500.
2026-04-23 20:26:20,435 [INFO] Label ORG: target 2500, available 3959, taking 2500.
2026-04-23 20:26:20,436 [WARNING] Label SPELL has shortfall of 430 (target 1500, available 1070). Will add to CHARACTER shortfall.
2026-04-23 20:26:20,436 [INFO] Label CREA: target 1500, available 1841, taking 1500.
2026-04-23 20:26:20,436 [INFO] Label ARTI: target 1500, available 5207, taking 1500.
2026-04-23 20:26:20,517 [INFO] Added 430 to CHARACTER from shortfall redistribution. Total CHARACTER selected: 5930.
2026-04-23 20:26:20,844 [INFO] Step 3: Stratified sampling by dominant label. Final selected count: 15000. Distribution: {'CHAR': 5930, 'LOC': 2500, 'ORG': 2500, 'SPELL': 1070, 'CREA': 1500, 'ARTI': 1500}
2026-04-23 20:26:20,928 [INFO] ============================================================
2026-04-23 20:26:20,929 [INFO] FINAL COMPOSITION
2026-04-23 20:26:20,929 [INFO] ============================================================
2026-04-23 20:26:20,929 [INFO] Total selected records: 15000
2026-04-23 20:26:20,930 [INFO] 
Dominant type distribution:
2026-04-23 20:26:20,930 [INFO] CHAR: 5930 records percentage: 39.5%
2026-04-23 20:26:20,930 [INFO] LOC: 2500 records percentage: 16.7%
2026-04-23 20:26:20,931 [INFO] ORG: 2500 records percentage: 16.7%
2026-04-23 20:26:20,931 [INFO] SPELL: 1070 records percentage: 7.1%
2026-04-23 20:26:20,931 [INFO] CREA: 1500 records percentage: 10.0%
2026-04-23 20:26:20,931 [INFO] ARTI: 1500 records percentage: 10.0%
2026-04-23 20:26:20,932 [INFO] 
Entity count distribution:
2026-04-23 20:26:20,932 [INFO] 1 entities: 5212 records percentage: 34.7%
2026-04-23 20:26:20,932 [INFO] 2 entities: 4376 records percentage: 29.2%
2026-04-23 20:26:20,932 [INFO] 3 entities: 2628 records percentage: 17.5%
2026-04-23 20:26:20,932 [INFO] 4 entities: 1460 records percentage: 9.7%
2026-04-23 20:26:20,933 [INFO] 5 entities: 662 records percentage: 4.4%
2026-04-23 20:26:20,933 [INFO] 6 entities: 338 records percentage: 2.3%
2026-04-23 20:26:20,933 [INFO] 7 entities: 159 records percentage: 1.1%
2026-04-23 20:26:20,934 [INFO] 8 entities: 77 records percentage: 0.5%
2026-04-23 20:26:20,934 [INFO] 9 entities: 46 records percentage: 0.3%
2026-04-23 20:26:20,934 [INFO] 10 entities: 17 records percentage: 0.1%
2026-04-23 20:26:20,934 [INFO] 11 entities: 10 records percentage: 0.1%
2026-04-23 20:26:20,935 [INFO] 12 entities: 1 records percentage: 0.0%
2026-04-23 20:26:20,935 [INFO] 13 entities: 5 records percentage: 0.0%
2026-04-23 20:26:20,935 [INFO] 14 entities: 3 records percentage: 0.0%
2026-04-23 20:26:20,935 [INFO] 15 entities: 3 records percentage: 0.0%
2026-04-23 20:26:20,935 [INFO] 16 entities: 1 records percentage: 0.0%
2026-04-23 20:26:20,935 [INFO] 17 entities: 1 records percentage: 0.0%
2026-04-23 20:26:20,936 [INFO] 27 entities: 1 records percentage: 0.0%
2026-04-23 20:26:20,943 [INFO] 
Unique sources: 3248
2026-04-23 20:26:20,944 [INFO] ============================================================
2026-04-23 20:26:21,131 [INFO] Wrote 15000 selected records to data\selected\hp_15k.jsonl
