2026-04-20 22:38:16,574 [INFO] Loaded 66655 sentences from data\clean\wiki_data_filtered.jsonl
2026-04-20 22:38:16,575 [INFO] Model 'en_core_web_sm' not found — downloading...
2026-04-20 22:38:18,302 [INFO] Loaded spaCy tokenizer.
2026-04-20 22:38:18,323 [INFO] Loaded 16108 entries for character from data/dictionaries/txts\character.txt.
2026-04-20 22:38:18,336 [INFO] Loaded 861 entries for location from data/dictionaries/txts\location.txt.
2026-04-20 22:38:18,348 [INFO] Loaded 683 entries for organization from data/dictionaries/txts\organization.txt.
2026-04-20 22:38:18,361 [INFO] Loaded 754 entries for spell from data/dictionaries/txts\spell.txt.
2026-04-20 22:38:18,368 [INFO] Loaded 186 entries for creature from data/dictionaries/txts\creature.txt.
2026-04-20 22:38:18,378 [INFO] Loaded 1841 entries for artifact from data/dictionaries/txts\artifact.txt.
2026-04-20 22:38:18,379 [INFO] Total 20433 entries loaded across 6 entity types.
2026-04-20 22:38:18,386 [INFO] Loading checkpoint from: outputs\baseline\run_20260329_102936\best_model
2026-04-20 22:40:10,213 [INFO] Loaded 66655 sentences from data\clean\wiki_data_filtered.jsonl
2026-04-20 22:40:10,509 [INFO] Loaded spaCy tokenizer.
2026-04-20 22:40:10,525 [INFO] Loaded 16108 entries for character from data/dictionaries/txts\character.txt.
2026-04-20 22:40:10,540 [INFO] Loaded 861 entries for location from data/dictionaries/txts\location.txt.
2026-04-20 22:40:10,554 [INFO] Loaded 683 entries for organization from data/dictionaries/txts\organization.txt.
2026-04-20 22:40:10,563 [INFO] Loaded 754 entries for spell from data/dictionaries/txts\spell.txt.
2026-04-20 22:40:10,565 [INFO] Loaded 186 entries for creature from data/dictionaries/txts\creature.txt.
2026-04-20 22:40:10,575 [INFO] Loaded 1841 entries for artifact from data/dictionaries/txts\artifact.txt.
2026-04-20 22:40:10,575 [INFO] Total 20433 entries loaded across 6 entity types.
2026-04-20 22:40:10,576 [INFO] Loading checkpoint from: outputs\baseline\run_20260329_102936\best_model
2026-04-20 22:40:11,223 [INFO] Checkpoint loaded — labels: ['O', 'B-LOC', 'B-ORG', 'B-PER', 'I-LOC', 'I-ORG', 'I-PER']
2026-04-20 22:40:11,658 [INFO] Loaded model from outputs\baseline\run_20260329_102936\best_model with labels: {'O': 0, 'B-LOC': 1, 'B-ORG': 2, 'B-PER': 3, 'I-LOC': 4, 'I-ORG': 5, 'I-PER': 6}
2026-04-20 22:40:11,659 [INFO] Tokenizing sentences...
2026-04-20 22:40:56,862 [INFO] Running BERT tagger...
2026-04-20 22:40:57,605 [INFO] Tagged 32/66655 sentences...
2026-04-20 22:40:58,809 [INFO] Tagged 352/66655 sentences...
2026-04-20 22:41:00,000 [INFO] Tagged 672/66655 sentences...
2026-04-20 22:41:01,221 [INFO] Tagged 992/66655 sentences...
2026-04-20 22:41:02,383 [INFO] Tagged 1312/66655 sentences...
2026-04-20 22:41:03,624 [INFO] Tagged 1632/66655 sentences...
2026-04-20 22:41:04,769 [INFO] Tagged 1952/66655 sentences...
2026-04-20 22:41:05,847 [INFO] Tagged 2272/66655 sentences...
2026-04-20 22:41:06,952 [INFO] Tagged 2592/66655 sentences...
2026-04-20 22:41:08,038 [INFO] Tagged 2912/66655 sentences...
2026-04-20 22:41:09,169 [INFO] Tagged 3232/66655 sentences...
2026-04-20 22:41:10,383 [INFO] Tagged 3552/66655 sentences...
2026-04-20 22:41:11,539 [INFO] Tagged 3872/66655 sentences...
2026-04-20 22:41:12,743 [INFO] Tagged 4192/66655 sentences...
2026-04-20 22:41:13,977 [INFO] Tagged 4512/66655 sentences...
2026-04-20 22:41:15,142 [INFO] Tagged 4832/66655 sentences...
2026-04-20 22:41:16,383 [INFO] Tagged 5152/66655 sentences...
2026-04-20 22:41:17,571 [INFO] Tagged 5472/66655 sentences...
2026-04-20 22:41:18,747 [INFO] Tagged 5792/66655 sentences...
2026-04-20 22:41:19,863 [INFO] Tagged 6112/66655 sentences...
2026-04-20 22:41:21,035 [INFO] Tagged 6432/66655 sentences...
2026-04-20 22:41:22,198 [INFO] Tagged 6752/66655 sentences...
2026-04-20 22:41:23,324 [INFO] Tagged 7072/66655 sentences...
2026-04-20 22:41:24,543 [INFO] Tagged 7392/66655 sentences...
2026-04-20 22:41:25,708 [INFO] Tagged 7712/66655 sentences...
2026-04-20 22:41:26,850 [INFO] Tagged 8032/66655 sentences...
2026-04-20 22:41:27,931 [INFO] Tagged 8352/66655 sentences...
2026-04-20 22:41:29,064 [INFO] Tagged 8672/66655 sentences...
2026-04-20 22:41:30,116 [INFO] Tagged 8992/66655 sentences...
2026-04-20 22:41:31,256 [INFO] Tagged 9312/66655 sentences...
2026-04-20 22:41:32,334 [INFO] Tagged 9632/66655 sentences...
2026-04-20 22:41:33,420 [INFO] Tagged 9952/66655 sentences...
2026-04-20 22:41:34,537 [INFO] Tagged 10272/66655 sentences...
2026-04-20 22:41:35,672 [INFO] Tagged 10592/66655 sentences...
2026-04-20 22:41:36,798 [INFO] Tagged 10912/66655 sentences...
2026-04-20 22:41:37,898 [INFO] Tagged 11232/66655 sentences...
2026-04-20 22:41:38,987 [INFO] Tagged 11552/66655 sentences...
2026-04-20 22:41:40,174 [INFO] Tagged 11872/66655 sentences...
2026-04-20 22:41:41,280 [INFO] Tagged 12192/66655 sentences...
2026-04-20 22:41:42,462 [INFO] Tagged 12512/66655 sentences...
2026-04-20 22:41:43,609 [INFO] Tagged 12832/66655 sentences...
2026-04-20 22:41:44,774 [INFO] Tagged 13152/66655 sentences...
2026-04-20 22:41:45,915 [INFO] Tagged 13472/66655 sentences...
2026-04-20 22:41:47,077 [INFO] Tagged 13792/66655 sentences...
2026-04-20 22:41:48,191 [INFO] Tagged 14112/66655 sentences...
2026-04-20 22:41:49,355 [INFO] Tagged 14432/66655 sentences...
2026-04-20 22:41:50,487 [INFO] Tagged 14752/66655 sentences...
2026-04-20 22:41:51,586 [INFO] Tagged 15072/66655 sentences...
2026-04-20 22:41:52,697 [INFO] Tagged 15392/66655 sentences...
2026-04-20 22:41:53,834 [INFO] Tagged 15712/66655 sentences...
2026-04-20 22:41:54,960 [INFO] Tagged 16032/66655 sentences...
2026-04-20 22:41:56,126 [INFO] Tagged 16352/66655 sentences...
2026-04-20 22:41:57,363 [INFO] Tagged 16672/66655 sentences...
2026-04-20 22:41:58,603 [INFO] Tagged 16992/66655 sentences...
2026-04-20 22:41:59,758 [INFO] Tagged 17312/66655 sentences...
2026-04-20 22:42:00,940 [INFO] Tagged 17632/66655 sentences...
2026-04-20 22:42:02,097 [INFO] Tagged 17952/66655 sentences...
2026-04-20 22:42:03,279 [INFO] Tagged 18272/66655 sentences...
2026-04-20 22:42:04,438 [INFO] Tagged 18592/66655 sentences...
2026-04-20 22:42:05,623 [INFO] Tagged 18912/66655 sentences...
2026-04-20 22:42:06,821 [INFO] Tagged 19232/66655 sentences...
2026-04-20 22:42:07,970 [INFO] Tagged 19552/66655 sentences...
2026-04-20 22:42:09,100 [INFO] Tagged 19872/66655 sentences...
2026-04-20 22:42:10,319 [INFO] Tagged 20192/66655 sentences...
2026-04-20 22:42:11,428 [INFO] Tagged 20512/66655 sentences...
2026-04-20 22:42:12,511 [INFO] Tagged 20832/66655 sentences...
2026-04-20 22:42:13,646 [INFO] Tagged 21152/66655 sentences...
2026-04-20 22:42:14,807 [INFO] Tagged 21472/66655 sentences...
2026-04-20 22:42:15,995 [INFO] Tagged 21792/66655 sentences...
2026-04-20 22:42:17,103 [INFO] Tagged 22112/66655 sentences...
2026-04-20 22:42:18,230 [INFO] Tagged 22432/66655 sentences...
2026-04-20 22:42:19,316 [INFO] Tagged 22752/66655 sentences...
2026-04-20 22:42:20,423 [INFO] Tagged 23072/66655 sentences...
2026-04-20 22:42:21,283 [INFO] Tagged 23392/66655 sentences...
2026-04-20 22:42:22,346 [INFO] Tagged 23712/66655 sentences...
2026-04-20 22:42:23,498 [INFO] Tagged 24032/66655 sentences...
2026-04-20 22:42:24,608 [INFO] Tagged 24352/66655 sentences...
2026-04-20 22:42:25,753 [INFO] Tagged 24672/66655 sentences...
2026-04-20 22:42:26,933 [INFO] Tagged 24992/66655 sentences...
2026-04-20 22:42:28,094 [INFO] Tagged 25312/66655 sentences...
2026-04-20 22:42:29,220 [INFO] Tagged 25632/66655 sentences...
2026-04-20 22:42:30,413 [INFO] Tagged 25952/66655 sentences...
2026-04-20 22:42:31,585 [INFO] Tagged 26272/66655 sentences...
2026-04-20 22:42:32,722 [INFO] Tagged 26592/66655 sentences...
2026-04-20 22:42:33,839 [INFO] Tagged 26912/66655 sentences...
2026-04-20 22:42:34,937 [INFO] Tagged 27232/66655 sentences...
2026-04-20 22:42:36,041 [INFO] Tagged 27552/66655 sentences...
2026-04-20 22:42:37,195 [INFO] Tagged 27872/66655 sentences...
2026-04-20 22:42:38,328 [INFO] Tagged 28192/66655 sentences...
2026-04-20 22:42:39,535 [INFO] Tagged 28512/66655 sentences...
2026-04-20 22:42:40,729 [INFO] Tagged 28832/66655 sentences...
2026-04-20 22:42:41,855 [INFO] Tagged 29152/66655 sentences...
2026-04-20 22:42:43,024 [INFO] Tagged 29472/66655 sentences...
2026-04-20 22:42:44,142 [INFO] Tagged 29792/66655 sentences...
2026-04-20 22:42:45,248 [INFO] Tagged 30112/66655 sentences...
2026-04-20 22:42:46,356 [INFO] Tagged 30432/66655 sentences...
2026-04-20 22:42:47,454 [INFO] Tagged 30752/66655 sentences...
2026-04-20 22:42:48,568 [INFO] Tagged 31072/66655 sentences...
2026-04-20 22:42:49,730 [INFO] Tagged 31392/66655 sentences...
2026-04-20 22:42:50,824 [INFO] Tagged 31712/66655 sentences...
2026-04-20 22:42:51,921 [INFO] Tagged 32032/66655 sentences...
2026-04-20 22:42:53,101 [INFO] Tagged 32352/66655 sentences...
2026-04-20 22:42:54,295 [INFO] Tagged 32672/66655 sentences...
2026-04-20 22:42:55,532 [INFO] Tagged 32992/66655 sentences...
2026-04-20 22:42:56,662 [INFO] Tagged 33312/66655 sentences...
2026-04-20 22:42:57,819 [INFO] Tagged 33632/66655 sentences...
2026-04-20 22:42:58,987 [INFO] Tagged 33952/66655 sentences...
2026-04-20 22:43:00,178 [INFO] Tagged 34272/66655 sentences...
2026-04-20 22:43:01,388 [INFO] Tagged 34592/66655 sentences...
2026-04-20 22:43:02,651 [INFO] Tagged 34912/66655 sentences...
2026-04-20 22:43:03,774 [INFO] Tagged 35232/66655 sentences...
2026-04-20 22:43:04,842 [INFO] Tagged 35552/66655 sentences...
2026-04-20 22:43:06,044 [INFO] Tagged 35872/66655 sentences...
2026-04-20 22:43:07,213 [INFO] Tagged 36192/66655 sentences...
2026-04-20 22:43:08,431 [INFO] Tagged 36512/66655 sentences...
2026-04-20 22:43:09,615 [INFO] Tagged 36832/66655 sentences...
2026-04-20 22:43:10,650 [INFO] Tagged 37152/66655 sentences...
2026-04-20 22:43:11,756 [INFO] Tagged 37472/66655 sentences...
2026-04-20 22:43:12,884 [INFO] Tagged 37792/66655 sentences...
2026-04-20 22:43:14,060 [INFO] Tagged 38112/66655 sentences...
2026-04-20 22:43:15,224 [INFO] Tagged 38432/66655 sentences...
2026-04-20 22:43:16,531 [INFO] Tagged 38752/66655 sentences...
2026-04-20 22:43:17,724 [INFO] Tagged 39072/66655 sentences...
2026-04-20 22:43:18,881 [INFO] Tagged 39392/66655 sentences...
2026-04-20 22:43:20,079 [INFO] Tagged 39712/66655 sentences...
2026-04-20 22:43:21,216 [INFO] Tagged 40032/66655 sentences...
2026-04-20 22:43:22,248 [INFO] Tagged 40352/66655 sentences...
2026-04-20 22:43:23,326 [INFO] Tagged 40672/66655 sentences...
2026-04-20 22:43:24,498 [INFO] Tagged 40992/66655 sentences...
2026-04-20 22:43:25,680 [INFO] Tagged 41312/66655 sentences...
2026-04-20 22:43:26,844 [INFO] Tagged 41632/66655 sentences...
2026-04-20 22:43:27,995 [INFO] Tagged 41952/66655 sentences...
2026-04-20 22:43:29,184 [INFO] Tagged 42272/66655 sentences...
2026-04-20 22:43:30,325 [INFO] Tagged 42592/66655 sentences...
2026-04-20 22:43:31,452 [INFO] Tagged 42912/66655 sentences...
2026-04-20 22:43:32,611 [INFO] Tagged 43232/66655 sentences...
2026-04-20 22:43:33,867 [INFO] Tagged 43552/66655 sentences...
2026-04-20 22:43:35,052 [INFO] Tagged 43872/66655 sentences...
2026-04-20 22:43:36,160 [INFO] Tagged 44192/66655 sentences...
2026-04-20 22:43:37,266 [INFO] Tagged 44512/66655 sentences...
2026-04-20 22:43:38,506 [INFO] Tagged 44832/66655 sentences...
2026-04-20 22:43:39,626 [INFO] Tagged 45152/66655 sentences...
2026-04-20 22:43:40,761 [INFO] Tagged 45472/66655 sentences...
2026-04-20 22:43:41,875 [INFO] Tagged 45792/66655 sentences...
2026-04-20 22:43:42,992 [INFO] Tagged 46112/66655 sentences...
2026-04-20 22:43:44,048 [INFO] Tagged 46432/66655 sentences...
2026-04-20 22:43:45,159 [INFO] Tagged 46752/66655 sentences...
2026-04-20 22:43:46,297 [INFO] Tagged 47072/66655 sentences...
2026-04-20 22:43:47,502 [INFO] Tagged 47392/66655 sentences...
2026-04-20 22:43:48,722 [INFO] Tagged 47712/66655 sentences...
2026-04-20 22:43:49,926 [INFO] Tagged 48032/66655 sentences...
2026-04-20 22:43:51,120 [INFO] Tagged 48352/66655 sentences...
2026-04-20 22:43:52,273 [INFO] Tagged 48672/66655 sentences...
2026-04-20 22:43:53,473 [INFO] Tagged 48992/66655 sentences...
2026-04-20 22:43:54,528 [INFO] Tagged 49312/66655 sentences...
2026-04-20 22:43:55,668 [INFO] Tagged 49632/66655 sentences...
2026-04-20 22:43:56,810 [INFO] Tagged 49952/66655 sentences...
2026-04-20 22:43:57,996 [INFO] Tagged 50272/66655 sentences...
2026-04-20 22:43:59,106 [INFO] Tagged 50592/66655 sentences...
2026-04-20 22:44:00,235 [INFO] Tagged 50912/66655 sentences...
2026-04-20 22:44:01,425 [INFO] Tagged 51232/66655 sentences...
2026-04-20 22:44:02,573 [INFO] Tagged 51552/66655 sentences...
2026-04-20 22:44:03,718 [INFO] Tagged 51872/66655 sentences...
2026-04-20 22:44:04,860 [INFO] Tagged 52192/66655 sentences...
2026-04-20 22:44:06,037 [INFO] Tagged 52512/66655 sentences...
2026-04-20 22:44:07,243 [INFO] Tagged 52832/66655 sentences...
2026-04-20 22:44:08,406 [INFO] Tagged 53152/66655 sentences...
2026-04-20 22:44:09,567 [INFO] Tagged 53472/66655 sentences...
2026-04-20 22:44:10,698 [INFO] Tagged 53792/66655 sentences...
2026-04-20 22:44:11,868 [INFO] Tagged 54112/66655 sentences...
2026-04-20 22:44:12,991 [INFO] Tagged 54432/66655 sentences...
2026-04-20 22:44:14,070 [INFO] Tagged 54752/66655 sentences...
2026-04-20 22:44:15,251 [INFO] Tagged 55072/66655 sentences...
2026-04-20 22:44:16,452 [INFO] Tagged 55392/66655 sentences...
2026-04-20 22:44:17,600 [INFO] Tagged 55712/66655 sentences...
2026-04-20 22:44:18,725 [INFO] Tagged 56032/66655 sentences...
2026-04-20 22:44:19,761 [INFO] Tagged 56352/66655 sentences...
2026-04-20 22:44:20,856 [INFO] Tagged 56672/66655 sentences...
2026-04-20 22:44:22,004 [INFO] Tagged 56992/66655 sentences...
2026-04-20 22:44:23,178 [INFO] Tagged 57312/66655 sentences...
2026-04-20 22:44:24,377 [INFO] Tagged 57632/66655 sentences...
2026-04-20 22:44:25,510 [INFO] Tagged 57952/66655 sentences...
2026-04-20 22:44:26,675 [INFO] Tagged 58272/66655 sentences...
2026-04-20 22:44:27,814 [INFO] Tagged 58592/66655 sentences...
2026-04-20 22:44:29,069 [INFO] Tagged 58912/66655 sentences...
2026-04-20 22:44:30,222 [INFO] Tagged 59232/66655 sentences...
2026-04-20 22:44:31,359 [INFO] Tagged 59552/66655 sentences...
2026-04-20 22:44:32,561 [INFO] Tagged 59872/66655 sentences...
2026-04-20 22:44:33,744 [INFO] Tagged 60192/66655 sentences...
2026-04-20 22:44:34,895 [INFO] Tagged 60512/66655 sentences...
2026-04-20 22:44:36,079 [INFO] Tagged 60832/66655 sentences...
2026-04-20 22:44:37,280 [INFO] Tagged 61152/66655 sentences...
2026-04-20 22:44:38,474 [INFO] Tagged 61472/66655 sentences...
2026-04-20 22:44:39,569 [INFO] Tagged 61792/66655 sentences...
2026-04-20 22:44:40,724 [INFO] Tagged 62112/66655 sentences...
2026-04-20 22:44:41,885 [INFO] Tagged 62432/66655 sentences...
2026-04-20 22:44:43,039 [INFO] Tagged 62752/66655 sentences...
2026-04-20 22:44:44,173 [INFO] Tagged 63072/66655 sentences...
2026-04-20 22:44:45,356 [INFO] Tagged 63392/66655 sentences...
2026-04-20 22:44:46,498 [INFO] Tagged 63712/66655 sentences...
2026-04-20 22:44:47,682 [INFO] Tagged 64032/66655 sentences...
2026-04-20 22:44:48,791 [INFO] Tagged 64352/66655 sentences...
2026-04-20 22:44:49,972 [INFO] Tagged 64672/66655 sentences...
2026-04-20 22:44:51,113 [INFO] Tagged 64992/66655 sentences...
2026-04-20 22:44:52,169 [INFO] Tagged 65312/66655 sentences...
2026-04-20 22:44:53,318 [INFO] Tagged 65632/66655 sentences...
2026-04-20 22:44:54,460 [INFO] Tagged 65952/66655 sentences...
2026-04-20 22:44:55,517 [INFO] Tagged 66272/66655 sentences...
2026-04-20 22:44:56,644 [INFO] Tagged 66592/66655 sentences...
2026-04-20 22:44:56,867 [INFO] Matching entities from dictionary and merging with BERT tags...
2026-04-20 23:34:48,260 [INFO] Loaded 66655 sentences from data\clean\wiki_data_filtered.jsonl
2026-04-20 23:34:48,743 [INFO] Loaded spaCy tokenizer.
2026-04-20 23:34:48,760 [INFO] Loaded 16108 entries for character from data/dictionaries/txts\character.txt.
2026-04-20 23:34:48,775 [INFO] Loaded 861 entries for location from data/dictionaries/txts\location.txt.
2026-04-20 23:34:48,790 [INFO] Loaded 683 entries for organization from data/dictionaries/txts\organization.txt.
2026-04-20 23:34:48,804 [INFO] Loaded 754 entries for spell from data/dictionaries/txts\spell.txt.
2026-04-20 23:34:48,813 [INFO] Loaded 186 entries for creature from data/dictionaries/txts\creature.txt.
2026-04-20 23:34:48,824 [INFO] Loaded 1841 entries for artifact from data/dictionaries/txts\artifact.txt.
2026-04-20 23:34:48,824 [INFO] Total 20433 entries loaded across 6 entity types.
2026-04-20 23:34:48,833 [INFO] Loading checkpoint from: outputs\baseline\run_20260329_102936\best_model
2026-04-20 23:34:52,350 [INFO] Checkpoint loaded — labels: ['O', 'B-LOC', 'B-ORG', 'B-PER', 'I-LOC', 'I-ORG', 'I-PER']
2026-04-20 23:34:53,123 [INFO] Loaded model from outputs\baseline\run_20260329_102936\best_model with labels: {'O': 0, 'B-LOC': 1, 'B-ORG': 2, 'B-PER': 3, 'I-LOC': 4, 'I-ORG': 5, 'I-PER': 6}
2026-04-20 23:34:53,123 [INFO] Tokenizing sentences...
2026-04-20 23:35:37,736 [INFO] Running BERT tagger...
2026-04-20 23:35:38,604 [INFO] Tagged 32/66655 sentences...
2026-04-20 23:35:39,830 [INFO] Tagged 352/66655 sentences...
2026-04-20 23:35:40,998 [INFO] Tagged 672/66655 sentences...
2026-04-20 23:35:42,172 [INFO] Tagged 992/66655 sentences...
2026-04-20 23:35:43,290 [INFO] Tagged 1312/66655 sentences...
2026-04-20 23:35:44,521 [INFO] Tagged 1632/66655 sentences...
2026-04-20 23:35:45,655 [INFO] Tagged 1952/66655 sentences...
2026-04-20 23:35:46,762 [INFO] Tagged 2272/66655 sentences...
2026-04-20 23:35:47,848 [INFO] Tagged 2592/66655 sentences...
2026-04-20 23:35:48,926 [INFO] Tagged 2912/66655 sentences...
2026-04-20 23:35:50,055 [INFO] Tagged 3232/66655 sentences...
2026-04-20 23:35:51,256 [INFO] Tagged 3552/66655 sentences...
2026-04-20 23:35:52,393 [INFO] Tagged 3872/66655 sentences...
2026-04-20 23:35:53,554 [INFO] Tagged 4192/66655 sentences...
2026-04-20 23:35:54,742 [INFO] Tagged 4512/66655 sentences...
2026-04-20 23:35:55,889 [INFO] Tagged 4832/66655 sentences...
2026-04-20 23:35:57,088 [INFO] Tagged 5152/66655 sentences...
2026-04-20 23:35:58,304 [INFO] Tagged 5472/66655 sentences...
2026-04-20 23:35:59,496 [INFO] Tagged 5792/66655 sentences...
2026-04-20 23:36:00,632 [INFO] Tagged 6112/66655 sentences...
2026-04-20 23:36:01,870 [INFO] Tagged 6432/66655 sentences...
2026-04-20 23:36:03,047 [INFO] Tagged 6752/66655 sentences...
2026-04-20 23:36:04,183 [INFO] Tagged 7072/66655 sentences...
2026-04-20 23:36:05,411 [INFO] Tagged 7392/66655 sentences...
2026-04-20 23:36:06,559 [INFO] Tagged 7712/66655 sentences...
2026-04-20 23:36:07,742 [INFO] Tagged 8032/66655 sentences...
2026-04-20 23:36:08,841 [INFO] Tagged 8352/66655 sentences...
2026-04-20 23:36:09,955 [INFO] Tagged 8672/66655 sentences...
2026-04-20 23:36:11,005 [INFO] Tagged 8992/66655 sentences...
2026-04-20 23:36:12,123 [INFO] Tagged 9312/66655 sentences...
2026-04-20 23:36:13,204 [INFO] Tagged 9632/66655 sentences...
2026-04-20 23:36:14,310 [INFO] Tagged 9952/66655 sentences...
2026-04-20 23:36:15,424 [INFO] Tagged 10272/66655 sentences...
2026-04-20 23:36:16,553 [INFO] Tagged 10592/66655 sentences...
2026-04-20 23:36:17,650 [INFO] Tagged 10912/66655 sentences...
2026-04-20 23:36:18,770 [INFO] Tagged 11232/66655 sentences...
2026-04-20 23:36:19,847 [INFO] Tagged 11552/66655 sentences...
2026-04-20 23:36:21,050 [INFO] Tagged 11872/66655 sentences...
2026-04-20 23:36:22,169 [INFO] Tagged 12192/66655 sentences...
2026-04-20 23:36:23,362 [INFO] Tagged 12512/66655 sentences...
2026-04-20 23:36:24,480 [INFO] Tagged 12832/66655 sentences...
2026-04-20 23:36:25,668 [INFO] Tagged 13152/66655 sentences...
2026-04-20 23:36:26,812 [INFO] Tagged 13472/66655 sentences...
2026-04-20 23:36:27,974 [INFO] Tagged 13792/66655 sentences...
2026-04-20 23:36:29,060 [INFO] Tagged 14112/66655 sentences...
2026-04-20 23:36:30,203 [INFO] Tagged 14432/66655 sentences...
2026-04-20 23:36:31,334 [INFO] Tagged 14752/66655 sentences...
2026-04-20 23:36:32,431 [INFO] Tagged 15072/66655 sentences...
2026-04-20 23:36:33,542 [INFO] Tagged 15392/66655 sentences...
2026-04-20 23:36:34,742 [INFO] Tagged 15712/66655 sentences...
2026-04-20 23:36:35,894 [INFO] Tagged 16032/66655 sentences...
2026-04-20 23:36:37,056 [INFO] Tagged 16352/66655 sentences...
2026-04-20 23:36:38,239 [INFO] Tagged 16672/66655 sentences...
2026-04-20 23:36:39,385 [INFO] Tagged 16992/66655 sentences...
2026-04-20 23:36:40,497 [INFO] Tagged 17312/66655 sentences...
2026-04-20 23:36:41,656 [INFO] Tagged 17632/66655 sentences...
2026-04-20 23:36:42,810 [INFO] Tagged 17952/66655 sentences...
2026-04-20 23:36:43,996 [INFO] Tagged 18272/66655 sentences...
2026-04-20 23:36:45,174 [INFO] Tagged 18592/66655 sentences...
2026-04-20 23:36:46,362 [INFO] Tagged 18912/66655 sentences...
2026-04-20 23:36:47,536 [INFO] Tagged 19232/66655 sentences...
2026-04-20 23:36:48,696 [INFO] Tagged 19552/66655 sentences...
2026-04-20 23:36:49,842 [INFO] Tagged 19872/66655 sentences...
2026-04-20 23:36:51,064 [INFO] Tagged 20192/66655 sentences...
2026-04-20 23:36:52,171 [INFO] Tagged 20512/66655 sentences...
2026-04-20 23:36:53,256 [INFO] Tagged 20832/66655 sentences...
2026-04-20 23:36:54,390 [INFO] Tagged 21152/66655 sentences...
2026-04-20 23:36:55,517 [INFO] Tagged 21472/66655 sentences...
2026-04-20 23:36:56,718 [INFO] Tagged 21792/66655 sentences...
2026-04-20 23:36:57,824 [INFO] Tagged 22112/66655 sentences...
2026-04-20 23:36:58,946 [INFO] Tagged 22432/66655 sentences...
2026-04-20 23:37:00,033 [INFO] Tagged 22752/66655 sentences...
2026-04-20 23:37:01,133 [INFO] Tagged 23072/66655 sentences...
2026-04-20 23:37:01,989 [INFO] Tagged 23392/66655 sentences...
2026-04-20 23:37:03,052 [INFO] Tagged 23712/66655 sentences...
2026-04-20 23:37:04,203 [INFO] Tagged 24032/66655 sentences...
2026-04-20 23:37:05,291 [INFO] Tagged 24352/66655 sentences...
2026-04-20 23:37:06,426 [INFO] Tagged 24672/66655 sentences...
2026-04-20 23:37:07,596 [INFO] Tagged 24992/66655 sentences...
2026-04-20 23:37:08,759 [INFO] Tagged 25312/66655 sentences...
2026-04-20 23:37:09,881 [INFO] Tagged 25632/66655 sentences...
2026-04-20 23:37:11,067 [INFO] Tagged 25952/66655 sentences...
2026-04-20 23:37:12,246 [INFO] Tagged 26272/66655 sentences...
2026-04-20 23:37:13,412 [INFO] Tagged 26592/66655 sentences...
2026-04-20 23:37:14,524 [INFO] Tagged 26912/66655 sentences...
2026-04-20 23:37:15,614 [INFO] Tagged 27232/66655 sentences...
2026-04-20 23:37:16,709 [INFO] Tagged 27552/66655 sentences...
2026-04-20 23:37:17,853 [INFO] Tagged 27872/66655 sentences...
2026-04-20 23:37:18,979 [INFO] Tagged 28192/66655 sentences...
2026-04-20 23:37:20,167 [INFO] Tagged 28512/66655 sentences...
2026-04-20 23:37:21,369 [INFO] Tagged 28832/66655 sentences...
2026-04-20 23:37:22,489 [INFO] Tagged 29152/66655 sentences...
2026-04-20 23:37:23,659 [INFO] Tagged 29472/66655 sentences...
2026-04-20 23:37:24,767 [INFO] Tagged 29792/66655 sentences...
2026-04-20 23:37:25,871 [INFO] Tagged 30112/66655 sentences...
2026-04-20 23:37:27,008 [INFO] Tagged 30432/66655 sentences...
2026-04-20 23:37:28,132 [INFO] Tagged 30752/66655 sentences...
2026-04-20 23:37:29,247 [INFO] Tagged 31072/66655 sentences...
2026-04-20 23:37:30,384 [INFO] Tagged 31392/66655 sentences...
2026-04-20 23:37:31,474 [INFO] Tagged 31712/66655 sentences...
2026-04-20 23:37:32,566 [INFO] Tagged 32032/66655 sentences...
2026-04-20 23:37:33,774 [INFO] Tagged 32352/66655 sentences...
2026-04-20 23:37:34,951 [INFO] Tagged 32672/66655 sentences...
2026-04-20 23:37:36,168 [INFO] Tagged 32992/66655 sentences...
2026-04-20 23:37:37,279 [INFO] Tagged 33312/66655 sentences...
2026-04-20 23:37:38,418 [INFO] Tagged 33632/66655 sentences...
2026-04-20 23:37:39,567 [INFO] Tagged 33952/66655 sentences...
2026-04-20 23:37:40,783 [INFO] Tagged 34272/66655 sentences...
2026-04-20 23:37:41,948 [INFO] Tagged 34592/66655 sentences...
2026-04-20 23:37:43,182 [INFO] Tagged 34912/66655 sentences...
2026-04-20 23:37:44,292 [INFO] Tagged 35232/66655 sentences...
2026-04-20 23:37:45,361 [INFO] Tagged 35552/66655 sentences...
2026-04-20 23:37:46,567 [INFO] Tagged 35872/66655 sentences...
2026-04-20 23:37:47,750 [INFO] Tagged 36192/66655 sentences...
2026-04-20 23:37:48,937 [INFO] Tagged 36512/66655 sentences...
2026-04-20 23:37:50,151 [INFO] Tagged 36832/66655 sentences...
2026-04-20 23:37:51,215 [INFO] Tagged 37152/66655 sentences...
2026-04-20 23:37:52,346 [INFO] Tagged 37472/66655 sentences...
2026-04-20 23:37:53,470 [INFO] Tagged 37792/66655 sentences...
2026-04-20 23:37:54,658 [INFO] Tagged 38112/66655 sentences...
2026-04-20 23:37:55,867 [INFO] Tagged 38432/66655 sentences...
2026-04-20 23:37:57,148 [INFO] Tagged 38752/66655 sentences...
2026-04-20 23:37:58,312 [INFO] Tagged 39072/66655 sentences...
2026-04-20 23:37:59,477 [INFO] Tagged 39392/66655 sentences...
2026-04-20 23:38:00,674 [INFO] Tagged 39712/66655 sentences...
2026-04-20 23:38:01,811 [INFO] Tagged 40032/66655 sentences...
2026-04-20 23:38:02,869 [INFO] Tagged 40352/66655 sentences...
2026-04-20 23:38:03,961 [INFO] Tagged 40672/66655 sentences...
2026-04-20 23:38:05,128 [INFO] Tagged 40992/66655 sentences...
2026-04-20 23:38:06,282 [INFO] Tagged 41312/66655 sentences...
2026-04-20 23:38:07,418 [INFO] Tagged 41632/66655 sentences...
2026-04-20 23:38:08,560 [INFO] Tagged 41952/66655 sentences...
2026-04-20 23:38:09,746 [INFO] Tagged 42272/66655 sentences...
2026-04-20 23:38:10,887 [INFO] Tagged 42592/66655 sentences...
2026-04-20 23:38:12,013 [INFO] Tagged 42912/66655 sentences...
2026-04-20 23:38:13,166 [INFO] Tagged 43232/66655 sentences...
2026-04-20 23:38:14,422 [INFO] Tagged 43552/66655 sentences...
2026-04-20 23:38:15,606 [INFO] Tagged 43872/66655 sentences...
2026-04-20 23:38:16,710 [INFO] Tagged 44192/66655 sentences...
2026-04-20 23:38:17,811 [INFO] Tagged 44512/66655 sentences...
2026-04-20 23:38:19,046 [INFO] Tagged 44832/66655 sentences...
2026-04-20 23:38:20,166 [INFO] Tagged 45152/66655 sentences...
2026-04-20 23:38:21,302 [INFO] Tagged 45472/66655 sentences...
2026-04-20 23:38:22,413 [INFO] Tagged 45792/66655 sentences...
2026-04-20 23:38:23,504 [INFO] Tagged 46112/66655 sentences...
2026-04-20 23:38:24,551 [INFO] Tagged 46432/66655 sentences...
2026-04-20 23:38:25,664 [INFO] Tagged 46752/66655 sentences...
2026-04-20 23:38:26,802 [INFO] Tagged 47072/66655 sentences...
2026-04-20 23:38:28,009 [INFO] Tagged 47392/66655 sentences...
2026-04-20 23:38:29,224 [INFO] Tagged 47712/66655 sentences...
2026-04-20 23:38:30,428 [INFO] Tagged 48032/66655 sentences...
2026-04-20 23:38:31,624 [INFO] Tagged 48352/66655 sentences...
2026-04-20 23:38:32,783 [INFO] Tagged 48672/66655 sentences...
2026-04-20 23:38:34,018 [INFO] Tagged 48992/66655 sentences...
2026-04-20 23:38:35,075 [INFO] Tagged 49312/66655 sentences...
2026-04-20 23:38:36,221 [INFO] Tagged 49632/66655 sentences...
2026-04-20 23:38:37,370 [INFO] Tagged 49952/66655 sentences...
2026-04-20 23:38:38,544 [INFO] Tagged 50272/66655 sentences...
2026-04-20 23:38:39,626 [INFO] Tagged 50592/66655 sentences...
2026-04-20 23:38:40,749 [INFO] Tagged 50912/66655 sentences...
2026-04-20 23:38:41,936 [INFO] Tagged 51232/66655 sentences...
2026-04-20 23:38:43,082 [INFO] Tagged 51552/66655 sentences...
2026-04-20 23:38:44,205 [INFO] Tagged 51872/66655 sentences...
2026-04-20 23:38:45,315 [INFO] Tagged 52192/66655 sentences...
2026-04-20 23:38:46,457 [INFO] Tagged 52512/66655 sentences...
2026-04-20 23:38:47,657 [INFO] Tagged 52832/66655 sentences...
2026-04-20 23:38:48,823 [INFO] Tagged 53152/66655 sentences...
2026-04-20 23:38:49,982 [INFO] Tagged 53472/66655 sentences...
2026-04-20 23:38:51,117 [INFO] Tagged 53792/66655 sentences...
2026-04-20 23:38:52,283 [INFO] Tagged 54112/66655 sentences...
2026-04-20 23:38:53,407 [INFO] Tagged 54432/66655 sentences...
2026-04-20 23:38:54,489 [INFO] Tagged 54752/66655 sentences...
2026-04-20 23:38:55,658 [INFO] Tagged 55072/66655 sentences...
2026-04-20 23:38:56,826 [INFO] Tagged 55392/66655 sentences...
2026-04-20 23:38:57,974 [INFO] Tagged 55712/66655 sentences...
2026-04-20 23:38:59,098 [INFO] Tagged 56032/66655 sentences...
2026-04-20 23:39:00,134 [INFO] Tagged 56352/66655 sentences...
2026-04-20 23:39:01,227 [INFO] Tagged 56672/66655 sentences...
2026-04-20 23:39:02,371 [INFO] Tagged 56992/66655 sentences...
2026-04-20 23:39:03,539 [INFO] Tagged 57312/66655 sentences...
2026-04-20 23:39:04,731 [INFO] Tagged 57632/66655 sentences...
2026-04-20 23:39:05,865 [INFO] Tagged 57952/66655 sentences...
2026-04-20 23:39:07,028 [INFO] Tagged 58272/66655 sentences...
2026-04-20 23:39:08,165 [INFO] Tagged 58592/66655 sentences...
2026-04-20 23:39:09,385 [INFO] Tagged 58912/66655 sentences...
2026-04-20 23:39:10,532 [INFO] Tagged 59232/66655 sentences...
2026-04-20 23:39:11,687 [INFO] Tagged 59552/66655 sentences...
2026-04-20 23:39:12,914 [INFO] Tagged 59872/66655 sentences...
2026-04-20 23:39:14,100 [INFO] Tagged 60192/66655 sentences...
2026-04-20 23:39:15,267 [INFO] Tagged 60512/66655 sentences...
2026-04-20 23:39:16,493 [INFO] Tagged 60832/66655 sentences...
2026-04-20 23:39:17,722 [INFO] Tagged 61152/66655 sentences...
2026-04-20 23:39:18,968 [INFO] Tagged 61472/66655 sentences...
2026-04-20 23:39:20,077 [INFO] Tagged 61792/66655 sentences...
2026-04-20 23:39:21,227 [INFO] Tagged 62112/66655 sentences...
2026-04-20 23:39:22,390 [INFO] Tagged 62432/66655 sentences...
2026-04-20 23:39:23,544 [INFO] Tagged 62752/66655 sentences...
2026-04-20 23:39:24,673 [INFO] Tagged 63072/66655 sentences...
2026-04-20 23:39:25,859 [INFO] Tagged 63392/66655 sentences...
2026-04-20 23:39:27,006 [INFO] Tagged 63712/66655 sentences...
2026-04-20 23:39:28,189 [INFO] Tagged 64032/66655 sentences...
2026-04-20 23:39:29,286 [INFO] Tagged 64352/66655 sentences...
2026-04-20 23:39:30,461 [INFO] Tagged 64672/66655 sentences...
2026-04-20 23:39:31,604 [INFO] Tagged 64992/66655 sentences...
2026-04-20 23:39:32,657 [INFO] Tagged 65312/66655 sentences...
2026-04-20 23:39:33,826 [INFO] Tagged 65632/66655 sentences...
2026-04-20 23:39:34,971 [INFO] Tagged 65952/66655 sentences...
2026-04-20 23:39:36,028 [INFO] Tagged 66272/66655 sentences...
2026-04-20 23:39:37,151 [INFO] Tagged 66592/66655 sentences...
2026-04-20 23:39:37,373 [INFO] Matching entities from dictionary and merging with BERT tags...
2026-04-20 23:39:43,588 [INFO] ============================================================
2026-04-20 23:39:43,588 [INFO] SILVER LABELING SUMMARY
2026-04-20 23:39:43,588 [INFO] ============================================================
2026-04-20 23:39:43,588 [INFO] Total sentences: 66655
2026-04-20 23:39:43,588 [INFO] 
Entity count distribution:
2026-04-20 23:39:43,655 [INFO]  8 entities:   996 sentences  percentage: 1.5%
2026-04-20 23:39:43,655 [INFO]  9 entities:   519 sentences  percentage: 0.8%
2026-04-20 23:39:43,655 [INFO] 10 entities:   285 sentences  percentage: 0.4%
2026-04-20 23:39:43,655 [INFO] >10 entities: 273 sentences percentage: 0.4%
2026-04-20 23:39:43,655 [INFO] 
Per-label sentence presence:
2026-04-20 23:39:43,656 [INFO] ARTI: 11274 sentences percentage: 16.9%
2026-04-20 23:39:43,656 [INFO] CHAR: 54279 sentences percentage: 81.4%
2026-04-20 23:39:43,656 [INFO] CREA: 4376 sentences percentage: 6.6%
2026-04-20 23:39:43,656 [INFO] LOC: 12101 sentences percentage: 18.2%
2026-04-20 23:39:43,656 [INFO] ORG: 9021 sentences percentage: 13.5%
2026-04-20 23:39:43,656 [INFO] SPELL: 2242 sentences percentage: 3.4%
2026-04-20 23:39:43,656 [INFO] 
Per-label token coverage:
2026-04-20 23:39:43,657 [INFO] ARTI: dict 17442 tokens (100.0%), bert 0 tokens (0.0%), both 0 tokens (0.0%), total 245970 tokens
2026-04-20 23:39:43,657 [INFO] CHAR: dict 43210 tokens (25.1%), bert 32826 tokens (19.1%), both 95789 tokens (55.7%), total 245970 tokens
2026-04-20 23:39:43,657 [INFO] CREA: dict 5239 tokens (100.0%), bert 0 tokens (0.0%), both 0 tokens (0.0%), total 245970 tokens
2026-04-20 23:39:43,657 [INFO] LOC: dict 1847 tokens (8.0%), bert 15828 tokens (68.4%), both 5462 tokens (23.6%), total 245970 tokens
2026-04-20 23:39:43,657 [INFO] ORG: dict 3801 tokens (16.1%), bert 10298 tokens (43.6%), both 9501 tokens (40.3%), total 245970 tokens
2026-04-20 23:39:43,657 [INFO] SPELL: dict 4727 tokens (100.0%), bert 0 tokens (0.0%), both 0 tokens (0.0%), total 245970 tokens
2026-04-20 23:39:43,658 [INFO] 
Label co-occurrence:
2026-04-20 23:39:43,658 [INFO] CHAR & LOC: 9818 sentences percentage: 14.7%
2026-04-20 23:39:43,658 [INFO] ARTI & CHAR: 9338 sentences percentage: 14.0%
2026-04-20 23:39:43,658 [INFO] CHAR & ORG: 7132 sentences percentage: 10.7%
2026-04-20 23:39:43,659 [INFO] CHAR & CREA: 3477 sentences percentage: 5.2%
2026-04-20 23:39:43,659 [INFO] LOC & ORG: 2227 sentences percentage: 3.3%
2026-04-20 23:39:43,659 [INFO] CHAR & SPELL: 1854 sentences percentage: 2.8%
2026-04-20 23:39:43,659 [INFO] ARTI & LOC: 1807 sentences percentage: 2.7%
2026-04-20 23:39:43,659 [INFO] ARTI & ORG: 1087 sentences percentage: 1.6%
2026-04-20 23:39:43,660 [INFO] CREA & ORG: 903 sentences percentage: 1.4%
2026-04-20 23:39:43,660 [INFO] CREA & LOC: 831 sentences percentage: 1.2%
2026-04-20 23:39:43,660 [INFO] ARTI & CREA: 811 sentences percentage: 1.2%
2026-04-20 23:39:43,660 [INFO] ARTI & SPELL: 431 sentences percentage: 0.6%
2026-04-20 23:39:43,660 [INFO] LOC & SPELL: 248 sentences percentage: 0.4%
2026-04-20 23:39:43,660 [INFO] ORG & SPELL: 186 sentences percentage: 0.3%
2026-04-20 23:39:43,660 [INFO] CREA & SPELL: 125 sentences percentage: 0.2%
2026-04-20 23:39:43,660 [INFO] 
Conflict counts (BERT label -> Dict label):
2026-04-20 23:39:43,661 [INFO] CHAR->ORG: 15461 tokens percentage: 23.2%
2026-04-20 23:39:43,661 [INFO] ORG->CHAR: 2595 tokens percentage: 3.9%
2026-04-20 23:39:43,661 [INFO] LOC->CHAR: 2433 tokens percentage: 3.7%
2026-04-20 23:39:43,661 [INFO] LOC->ORG: 859 tokens percentage: 1.3%
2026-04-20 23:39:43,661 [INFO] ORG->LOC: 513 tokens percentage: 0.8%
2026-04-20 23:39:43,661 [INFO] CHAR->LOC: 60 tokens percentage: 0.1%
2026-04-20 23:39:43,661 [INFO] 
Total conflicts: 21921 tokens percentage of all tagged tokens: 8.9%
2026-04-20 23:39:43,661 [INFO] ============================================================
2026-04-20 23:39:43,662 [INFO] Finished writing silver-labeled sentences to data\silver\hp_silver.jsonl
